test_invalid_colors_are_rejected (tests.test_arm_colors.ArmColorTests.test_invalid_colors_are_rejected) ... ok
test_legacy_profile_retains_other_preferences (tests.test_arm_colors.ArmColorTests.test_legacy_profile_retains_other_preferences) ... ok
test_runtime_materials_follow_roles_and_leave_metal_alone (tests.test_arm_colors.ArmColorTests.test_runtime_materials_follow_roles_and_leave_metal_alone) ... ok
test_dependency_cycle_is_bounded (tests.test_asset_policy.AssetPolicyTests.test_dependency_cycle_is_bounded) ... ok
test_nested_remote_texture_rejected_before_stage_open (tests.test_asset_policy.AssetPolicyTests.test_nested_remote_texture_rejected_before_stage_open) ... ok
test_resolver_and_network_schemes_rejected (tests.test_asset_policy.AssetPolicyTests.test_resolver_and_network_schemes_rejected) ... ok
qt.qpa.window: SetProcessDpiAwarenessContext() failed: Access is denied.
Qt's default DPI awareness context is DPI_AWARENESS_CONTEXT_PER_MONITOR_AWARE_V2. If you know what you are doing, you can overwrite this default using qt.conf (https://doc.qt.io/qt-6/highdpi.html#configuring-windows).
test_linux_identity_tracks_by_id_when_enumeration_changes (tests.test_camera.CameraTests.test_linux_identity_tracks_by_id_when_enumeration_changes) ... ok
test_no_frames_reports_failure (tests.test_camera.CameraTests.test_no_frames_reports_failure) ... ok
test_selection_requires_fresh_preview_and_restart_does_not_open_camera (tests.test_camera.CameraTests.test_selection_requires_fresh_preview_and_restart_does_not_open_camera) ... ok
test_session_identity_is_not_remembered_and_is_cleared_on_unplug (tests.test_camera.CameraTests.test_session_identity_is_not_remembered_and_is_cleared_on_unplug) ... ok
test_unplug_stops_capture_and_never_selects_replacement (tests.test_camera.CameraTests.test_unplug_stops_capture_and_never_selects_replacement) ... ok
test_native_subprocess_uses_explicit_declared_environment (tests.test_cli.CliTests.test_native_subprocess_uses_explicit_declared_environment) ... ok
test_normal_defaults_and_framework_modes_preserve_json (tests.test_cli.CliTests.test_normal_defaults_and_framework_modes_preserve_json) ... ok
test_result_isolated_from_python_fd_and_exit_logs (tests.test_cli.CliTests.test_result_isolated_from_python_fd_and_exit_logs) ... ok
test_defaults_are_valid (tests.test_config.ConfigTests.test_defaults_are_valid) ... ok
test_endpoint_accepts_ipv6_and_noncredential_query (tests.test_config.ConfigTests.test_endpoint_accepts_ipv6_and_noncredential_query) ... ok
test_endpoint_rejects_malformed_hosts_ports_and_encoded_credentials (tests.test_config.ConfigTests.test_endpoint_rejects_malformed_hosts_ports_and_encoded_credentials) ... ok
test_gravity_accepts_positive_finite_decimal (tests.test_config.ConfigTests.test_gravity_accepts_positive_finite_decimal) ... ok
test_load_profile_falls_back_to_defaults_when_missing (tests.test_config.ConfigTests.test_load_profile_falls_back_to_defaults_when_missing) ... ok
test_load_profile_round_trips (tests.test_config.ConfigTests.test_load_profile_round_trips) ... ok
test_missing_field_reported (tests.test_config.ConfigTests.test_missing_field_reported) ... ok
test_non_object_profile_is_invalid (tests.test_config.ConfigTests.test_non_object_profile_is_invalid) ... ok
test_save_profile_redacts_api_key (tests.test_config.ConfigTests.test_save_profile_redacts_api_key) ... ok
test_save_profile_rejects_invalid_profile (tests.test_config.ConfigTests.test_save_profile_rejects_invalid_profile) ... ok
test_bounded_request_and_stale_result (tests.test_connection_probe.ConnectionProbeTests.test_bounded_request_and_stale_result) ... ok
test_application_shutdown_closes_shared_session_once (tests.test_device_control.DeviceControlTests.test_application_shutdown_closes_shared_session_once) ... ok
test_cancel_restores_before_returning_control_to_existing_hardware (tests.test_device_control.DeviceControlTests.test_cancel_restores_before_returning_control_to_existing_hardware) ... ok
test_cancelled_connect_can_be_explicitly_retried (tests.test_device_control.DeviceControlTests.test_cancelled_connect_can_be_explicitly_retried) ... ok
test_failed_restore_never_hands_writes_to_an_observer (tests.test_device_control.DeviceControlTests.test_failed_restore_never_hands_writes_to_an_observer) ... ok
test_only_owner_heartbeat_and_commands_reach_worker (tests.test_device_control.DeviceControlTests.test_only_owner_heartbeat_and_commands_reach_worker) ... ok
test_pending_engage_blocks_setup_before_worker_processes_it (tests.test_device_control.DeviceControlTests.test_pending_engage_blocks_setup_before_worker_processes_it) ... ok
test_roles_and_attachments_cannot_alias_live_controllers (tests.test_device_control.DeviceControlTests.test_roles_and_attachments_cannot_alias_live_controllers) ... ok
test_setup_reuses_port_and_observer_close_does_not_stop_calibration (tests.test_device_control.DeviceControlTests.test_setup_reuses_port_and_observer_close_does_not_stop_calibration) ... ok
test_duplicate_identity_is_ambiguous_and_cannot_occupy_other_role (tests.test_devices.DeviceRolesTests.test_duplicate_identity_is_ambiguous_and_cannot_occupy_other_role) ... ok
test_failed_persistence_preserves_assignments_and_file (tests.test_devices.DeviceRolesTests.test_failed_persistence_preserves_assignments_and_file) ... ok
test_invalid_config_preserved (tests.test_devices.DeviceRolesTests.test_invalid_config_preserved) ... ok
test_missing_and_duplicate_serials_use_session_only (tests.test_devices.DeviceRolesTests.test_missing_and_duplicate_serials_use_session_only) ... ok
test_missing_device_never_substitutes_another (tests.test_devices.DeviceRolesTests.test_missing_device_never_substitutes_another) ... ok
test_one_port_cannot_take_both_roles (tests.test_devices.DeviceRolesTests.test_one_port_cannot_take_both_roles) ... ok
test_persistent_identity_survives_port_rename_and_reorder (tests.test_devices.DeviceRolesTests.test_persistent_identity_survives_port_rename_and_reorder) ... ok
test_close_ignores_late_scan (tests.test_devices_ui.DevicesUiTests.test_close_ignores_late_scan) ... ok
test_native_metadata_enumeration_has_no_duplicate_ports (tests.test_devices_ui.DevicesUiTests.test_native_metadata_enumeration_has_no_duplicate_ports) ... ok
test_role_rows_and_hardware_buttons_share_black_white_palette (tests.test_devices_ui.DevicesUiTests.test_role_rows_and_hardware_buttons_share_black_white_palette) ... ok
test_scan_failure_is_not_no_devices (tests.test_devices_ui.DevicesUiTests.test_scan_failure_is_not_no_devices) ... ok
test_visible_assignment_disconnect_and_ambiguity (tests.test_devices_ui.DevicesUiTests.test_visible_assignment_disconnect_and_ambiguity) ... ok
test_bounded_events (tests.test_diagnostics.DiagnosticsTests.test_bounded_events) ... qt.multimedia.ffmpeg: Using Qt multimedia with FFmpeg version 9.0.1 LGPL version 2.1 or later
ok
test_observe_tune_and_capture_without_hardware (tests.test_diagnostics.DiagnosticsTests.test_observe_tune_and_capture_without_hardware) ... ok
test_owned_dialog_capture_includes_window_and_setup_state (tests.test_diagnostics.DiagnosticsTests.test_owned_dialog_capture_includes_window_and_setup_state) ... ok
test_rejects_unauthenticated_browser_and_unsafe_commands (tests.test_diagnostics.DiagnosticsTests.test_rejects_unauthenticated_browser_and_unsafe_commands) ... ok
test_missing_command_rejected (tests.test_dispatch.DispatchTests.test_missing_command_rejected) ... ok
test_non_object_payload_rejected (tests.test_dispatch.DispatchTests.test_non_object_payload_rejected) ... ok
test_non_string_command_rejected (tests.test_dispatch.DispatchTests.test_non_string_command_rejected) ... ok
test_unknown_command_rejected (tests.test_dispatch.DispatchTests.test_unknown_command_rejected) ... ok
test_unknown_field_on_defaults_rejected (tests.test_dispatch.DispatchTests.test_unknown_field_on_defaults_rejected) ... ok
test_unknown_field_on_validate_settings_rejected (tests.test_dispatch.DispatchTests.test_unknown_field_on_validate_settings_rejected) ... ok
test_validate_settings_requires_profile_field (tests.test_dispatch.DispatchTests.test_validate_settings_requires_profile_field) ... ok
test_configured_asset_search_path_resolves_missing_relative_asset (tests.test_document.DocumentTests.test_configured_asset_search_path_resolves_missing_relative_asset) ... ok
test_documents_are_isolated_and_discard_reads_disk (tests.test_document.DocumentTests.test_documents_are_isolated_and_discard_reads_disk) ... ok
test_edit_save_reopen_and_failed_save (tests.test_document.DocumentTests.test_edit_save_reopen_and_failed_save) ... ok
test_invalid_edit_does_not_mutate (tests.test_document.DocumentTests.test_invalid_edit_does_not_mutate) ... ok
test_relative_assets_survive_private_layer_and_save_as (tests.test_document.DocumentTests.test_relative_assets_survive_private_layer_and_save_as) ... ok
test_shear_is_rejected_without_mutating (tests.test_document.DocumentTests.test_shear_is_rejected_without_mutating) ... ok
test_saved_binding_roundtrip_and_identity_guards (tests.test_hardware.BindingFileTests.test_saved_binding_roundtrip_and_identity_guards) ... ok
test_invalid_id_range_and_homing_rejected (tests.test_hardware.CalibrationTests.test_invalid_id_range_and_homing_rejected) ... ok
test_roundtrip_and_direction_match_lerobot (tests.test_hardware.CalibrationTests.test_roundtrip_and_direction_match_lerobot) ... ok
test_corrupt_and_missing_packets_have_bounded_failure (tests.test_hardware.SDKTests.test_corrupt_and_missing_packets_have_bounded_failure) ... ok
test_extended_feedback_is_only_accepted_in_torque_off_unoffset_read (tests.test_hardware.SDKTests.test_extended_feedback_is_only_accepted_in_torque_off_unoffset_read) ... ok
test_partial_read_and_temperature_fault (tests.test_hardware.SDKTests.test_partial_read_and_temperature_fault) ... ok
test_real_sdk_partial_packets_and_write_readback (tests.test_hardware.SDKTests.test_real_sdk_partial_packets_and_write_readback) ... ok
test_signed_wrist_feedback_is_scoped_to_torque_off_capture (tests.test_hardware.SDKTests.test_signed_wrist_feedback_is_scoped_to_torque_off_capture) ... ok
test_wrong_model_and_fault_packets_fail (tests.test_hardware.SDKTests.test_wrong_model_and_fault_packets_fail) ... ok
test_real_pyserial_port_with_sdk_packets (tests.test_hardware.SerialEndpointTests.test_real_pyserial_port_with_sdk_packets) ... skipped 'POSIX serial endpoint test'
test_arm_seeds_all_goals_before_torque_and_stops_all_motors (tests.test_hardware.SessionTests.test_arm_seeds_all_goals_before_torque_and_stops_all_motors) ... ok
test_bad_calibration_and_preexisting_torque_block_arming (tests.test_hardware.SessionTests.test_bad_calibration_and_preexisting_torque_block_arming) ... ok
test_bus_loss_is_unconfirmed_stop_not_success (tests.test_hardware.SessionTests.test_bus_loss_is_unconfirmed_stop_not_success) ... ok
test_changed_motor_calibration_is_checked_again_before_arm (tests.test_hardware.SessionTests.test_changed_motor_calibration_is_checked_again_before_arm) ... ok
test_heartbeat_timeout_disarms_without_renderer (tests.test_hardware.SessionTests.test_heartbeat_timeout_disarms_without_renderer) ... ok
test_held_motion_rate_limit_release_hold_and_cancelled_commands (tests.test_hardware.SessionTests.test_held_motion_rate_limit_release_hold_and_cancelled_commands) ... ok
test_motor_error_during_arm_cleans_up_partial_enables (tests.test_hardware.SessionTests.test_motor_error_during_arm_cleans_up_partial_enables) ... ok
test_readonly_connection_and_close_never_write (tests.test_hardware.SessionTests.test_readonly_connection_and_close_never_write) ... ok
test_back_to_devices_waits_for_session_shutdown (tests.test_hardware_ui.HardwareUITests.test_back_to_devices_waits_for_session_shutdown) ... ok
test_cached_controls_must_match_role_and_attachment (tests.test_hardware_ui.HardwareUITests.test_cached_controls_must_match_role_and_attachment) ... ok
test_cancel_arm_dialog_does_not_write (tests.test_hardware_ui.HardwareUITests.test_cancel_arm_dialog_does_not_write) ... ok
test_connect_arm_held_move_release_and_stop_through_widgets (tests.test_hardware_ui.HardwareUITests.test_connect_arm_held_move_release_and_stop_through_widgets) ... ok
test_disconnected_release_reports_no_confirmation (tests.test_hardware_ui.HardwareUITests.test_disconnected_release_reports_no_confirmation) ... ok
test_enable_error_is_visible_beside_controls (tests.test_hardware_ui.HardwareUITests.test_enable_error_is_visible_beside_controls) ... ok
test_failed_stop_is_reported_before_panel_shutdown (tests.test_hardware_ui.HardwareUITests.test_failed_stop_is_reported_before_panel_shutdown) ... ok
test_follower_unlock_survives_busy_worker (tests.test_hardware_ui.HardwareUITests.test_follower_unlock_survives_busy_worker) ... ok
test_live_view_queues_behind_renderer_and_cancels_superseded_work (tests.test_hardware_ui.HardwareUITests.test_live_view_queues_behind_renderer_and_cancels_superseded_work) ... ok
test_motor_feedback_confirms_enable_and_each_release (tests.test_hardware_ui.HardwareUITests.test_motor_feedback_confirms_enable_and_each_release) ... ok
test_native_failure_turns_off_live_view_without_motor_writes (tests.test_hardware_ui.HardwareUITests.test_native_failure_turns_off_live_view_without_motor_writes) ... ok
test_old_stop_acknowledgement_cannot_confirm_new_release (tests.test_hardware_ui.HardwareUITests.test_old_stop_acknowledgement_cannot_confirm_new_release) ... ok
test_raw_readonly_without_calibration_and_close (tests.test_hardware_ui.HardwareUITests.test_raw_readonly_without_calibration_and_close) ... ok
test_scene_load_keeps_registry_and_hardware_controls_available (tests.test_hardware_ui.HardwareUITests.test_scene_load_keeps_registry_and_hardware_controls_available) ... ok
test_selected_joint_slider_produces_bounded_simulation_intent (tests.test_hardware_ui.HardwareUITests.test_selected_joint_slider_produces_bounded_simulation_intent) ... ok
test_uncalibrated_mixed_torque_offers_release_not_engage (tests.test_hardware_ui.HardwareUITests.test_uncalibrated_mixed_torque_offers_release_not_engage) ... ok
test_supported_target_matrix_and_usd_provider (tests.test_host.HostTests.test_supported_target_matrix_and_usd_provider) ... ok
test_unsupported_targets_fail_before_native_initialization (tests.test_host.HostTests.test_unsupported_targets_fail_before_native_initialization) ... ok
test_invalid_bindings_fail_before_observation (tests.test_joint_binding.JointBindingTests.test_invalid_bindings_fail_before_observation) ... ok
test_name_mapping_direction_offset_and_timestamp (tests.test_joint_binding.JointBindingTests.test_name_mapping_direction_offset_and_timestamp) ... ok
test_letterbox_and_limits (tests.test_joint_interaction.JointMathTests.test_letterbox_and_limits) ... ok
test_application_deactivate_discards_unsent_drag (tests.test_joint_interaction.JointPointerTests.test_application_deactivate_discards_unsent_drag) ... ok
test_cancel_discards_delayed_pick_and_no_hit_allows_next_gesture (tests.test_joint_interaction.JointPointerTests.test_cancel_discards_delayed_pick_and_no_hit_allows_next_gesture) ... ok
test_click_on_empty_space_reports_status_and_stays_idle (tests.test_joint_interaction.JointPointerTests.test_click_on_empty_space_reports_status_and_stays_idle) ... ok
test_click_on_non_robot_object_drags_it_like_a_joint (tests.test_joint_interaction.JointPointerTests.test_click_on_non_robot_object_drags_it_like_a_joint) ... ok
test_drag_back_to_origin_and_cancel_queued_intent (tests.test_joint_interaction.JointPointerTests.test_drag_back_to_origin_and_cancel_queued_intent) ... ok
test_letterbox_click_reports_status_and_queues_no_pick (tests.test_joint_interaction.JointPointerTests.test_letterbox_click_reports_status_and_queues_no_pick) ... ok
test_locked_follower_and_camera_never_command_joint (tests.test_joint_interaction.JointPointerTests.test_locked_follower_and_camera_never_command_joint) ... ok
test_middle_drag_only_pans (tests.test_joint_interaction.JointPointerTests.test_middle_drag_only_pans) ... ok
test_non_editable_object_reports_the_reason_and_does_not_drag (tests.test_joint_interaction.JointPointerTests.test_non_editable_object_reports_the_reason_and_does_not_drag) ... ok
test_release_before_pick_finishes_preserves_final_target (tests.test_joint_interaction.JointPointerTests.test_release_before_pick_finishes_preserves_final_target) ... ok
test_right_click_without_drag_selects_but_commands_nothing (tests.test_joint_interaction.JointPointerTests.test_right_click_without_drag_selects_but_commands_nothing) ... ok
test_right_drag_moves_the_joint_exactly_like_left_drag (tests.test_joint_interaction.JointPointerTests.test_right_drag_moves_the_joint_exactly_like_left_drag) ... ok
test_trackpad_pixel_scroll_zooms_without_joint_input (tests.test_joint_interaction.JointPointerTests.test_trackpad_pixel_scroll_zooms_without_joint_input) ... ok
test_paused_preview_is_bounded_and_playing_uses_elapsed_time (tests.test_joint_interaction.JointRuntimeTests.test_paused_preview_is_bounded_and_playing_uses_elapsed_time) ... ok
test_cli_existing_file_in_fresh_process_initializes_usd_before_rtx (tests.test_launch_native.LaunchNativeTests.test_cli_existing_file_in_fresh_process_initializes_usd_before_rtx) ... ok
test_cli_launch_stdout_is_only_json_with_real_native_shutdown (tests.test_launch_native.LaunchNativeTests.test_cli_launch_stdout_is_only_json_with_real_native_shutdown) ... ok
test_launch_returns_only_after_native_close_and_removes_untitled (tests.test_launch_native.LaunchNativeTests.test_launch_returns_only_after_native_close_and_removes_untitled) ... I: Initializing Version 2.75.1-release.7540+gl.d3c5c5b8
I: Client ID: UGR9I2WB
I: ThreadId(02) hub_client::client::Client::new Launching client mode=Shared with_cleaner=false cache_path=None cache_size=None
I: ThreadId(03) launch self=Launcher { discovery_lock: RwLock { lock: RwLock { inner: File { handle: 0x13e4, path: "\\\\?\\<worker-home>\\AppData\\Local\\Temp\\hub-worker.lock" } } }, mode: Shared, with_cleaner: false, config_file: "<worker-home>\\AppData\\Local\\Temp\\hub-worker-AB47EFEE.config.json" } cmd="hub.exe" "--mode=shared" "--write-config" "<worker-home>\\AppData\\Local\\Temp\\hub-worker-AB47EFEE.config.json" "--"
I: Not using Hub: Hub not found
QMainWindow::saveState(): 'objectName' not set for QToolBar 0x294e12ed1c0 'Main'
QMainWindow::saveState(): 'objectName' not set for QToolBar 0x2a75b31e5a0 'Main'
ok
test_actuation_enabled_true_invalid (tests.test_manifest_cases.ManifestCaseTests.test_actuation_enabled_true_invalid) ... ok
test_asset_search_paths_non_string_invalid (tests.test_manifest_cases.ManifestCaseTests.test_asset_search_paths_non_string_invalid) ... ok
test_defaults_basic (tests.test_manifest_cases.ManifestCaseTests.test_defaults_basic) ... ok
test_device_negative_invalid (tests.test_manifest_cases.ManifestCaseTests.test_device_negative_invalid) ... ok
test_endpoint_credential_query_invalid (tests.test_manifest_cases.ManifestCaseTests.test_endpoint_credential_query_invalid) ... ok
test_endpoint_fragment_invalid (tests.test_manifest_cases.ManifestCaseTests.test_endpoint_fragment_invalid) ... ok
test_endpoint_non_https_invalid (tests.test_manifest_cases.ManifestCaseTests.test_endpoint_non_https_invalid) ... ok
test_endpoint_userinfo_invalid (tests.test_manifest_cases.ManifestCaseTests.test_endpoint_userinfo_invalid) ... ok
test_gravity_non_numeric_invalid (tests.test_manifest_cases.ManifestCaseTests.test_gravity_non_numeric_invalid) ... ok
test_max_output_tokens_above_upper_bound (tests.test_manifest_cases.ManifestCaseTests.test_max_output_tokens_above_upper_bound) ... ok
test_max_output_tokens_upper_bound_valid (tests.test_manifest_cases.ManifestCaseTests.test_max_output_tokens_upper_bound_valid) ... ok
test_max_output_tokens_zero_invalid (tests.test_manifest_cases.ManifestCaseTests.test_max_output_tokens_zero_invalid) ... ok
test_missing_section (tests.test_manifest_cases.ManifestCaseTests.test_missing_section) ... ok
test_multiple_invalid_fields_sorted (tests.test_manifest_cases.ManifestCaseTests.test_multiple_invalid_fields_sorted) ... ok
test_profile_null_invalid (tests.test_manifest_cases.ManifestCaseTests.test_profile_null_invalid) ... ok
test_remember_key_true_invalid (tests.test_manifest_cases.ManifestCaseTests.test_remember_key_true_invalid) ... ok
test_substeps_above_upper_bound (tests.test_manifest_cases.ManifestCaseTests.test_substeps_above_upper_bound) ... ok
test_substeps_upper_bound_valid (tests.test_manifest_cases.ManifestCaseTests.test_substeps_upper_bound_valid) ... ok
test_substeps_zero_invalid (tests.test_manifest_cases.ManifestCaseTests.test_substeps_zero_invalid) ... ok
test_target_fps_upper_bound_valid (tests.test_manifest_cases.ManifestCaseTests.test_target_fps_upper_bound_valid) ... ok
test_target_fps_zero_invalid (tests.test_manifest_cases.ManifestCaseTests.test_target_fps_zero_invalid) ... ok
test_telemetry_hz_above_upper_bound (tests.test_manifest_cases.ManifestCaseTests.test_telemetry_hz_above_upper_bound) ... ok
test_telemetry_hz_upper_bound_valid (tests.test_manifest_cases.ManifestCaseTests.test_telemetry_hz_upper_bound_valid) ... ok
test_timeout_seconds_above_upper_bound (tests.test_manifest_cases.ManifestCaseTests.test_timeout_seconds_above_upper_bound) ... ok
test_timeout_seconds_upper_bound_valid (tests.test_manifest_cases.ManifestCaseTests.test_timeout_seconds_upper_bound_valid) ... ok
test_timestep_hz_above_upper_bound (tests.test_manifest_cases.ManifestCaseTests.test_timestep_hz_above_upper_bound) ... ok
test_timestep_hz_upper_bound_valid (tests.test_manifest_cases.ManifestCaseTests.test_timestep_hz_upper_bound_valid) ... ok
test_unknown_field_inside_section (tests.test_manifest_cases.ManifestCaseTests.test_unknown_field_inside_section) ... ok
test_unknown_top_level_section (tests.test_manifest_cases.ManifestCaseTests.test_unknown_top_level_section) ... ok
test_validate_default_profile_valid (tests.test_manifest_cases.ManifestCaseTests.test_validate_default_profile_valid) ... ok
test_independent_connections_pose_freeze_and_cleanup (tests.test_mock_ui.MockUiTests.test_independent_connections_pose_freeze_and_cleanup) ... ok
test_default_scene_authors_required_render_and_physics_schemas (tests.test_native_integration.NativeIntegrationTests.test_default_scene_authors_required_render_and_physics_schemas) ... ok
test_native_worker_full_lifecycle_produces_owned_frame (tests.test_native_integration.NativeIntegrationTests.test_native_worker_full_lifecycle_produces_owned_frame) ... ok
test_newton_model_maps_bodies_to_authored_prim_paths (tests.test_native_integration.NativeIntegrationTests.test_newton_model_maps_bodies_to_authored_prim_paths) ... ok
test_bad_incomplete_and_oversized_responses (tests.test_photo.PhotoTests.test_bad_incomplete_and_oversized_responses) ... ok
test_cancel_before_and_during_request (tests.test_photo.PhotoTests.test_cancel_before_and_during_request) ... ok
test_detailed_preset_sets_reasoning_and_preserves_provider (tests.test_photo.PhotoTests.test_detailed_preset_sets_reasoning_and_preserves_provider) ... ok
test_exception_details_never_escape (tests.test_photo.PhotoTests.test_exception_details_never_escape) ... ok
test_missing_key_or_invalid_settings_do_not_send (tests.test_photo.PhotoTests.test_missing_key_or_invalid_settings_do_not_send) ... ok
test_openrouter_enforces_shape_but_still_checks_mesh_semantics (tests.test_photo.PhotoTests.test_openrouter_enforces_shape_but_still_checks_mesh_semantics) ... ok
test_request_uses_exact_settings_image_and_provenance (tests.test_photo.PhotoTests.test_request_uses_exact_settings_image_and_provenance) ... ok
test_auth_failure_keeps_photo_and_allows_key_correction (tests.test_photo_ui.PhotoUiTests.test_auth_failure_keeps_photo_and_allows_key_correction) ... ok
test_bad_image_never_enables_upload (tests.test_photo_ui.PhotoUiTests.test_bad_image_never_enables_upload) ... ok
test_cancel_ignores_late_result_and_prevents_parallel_retry (tests.test_photo_ui.PhotoUiTests.test_cancel_ignores_late_result_and_prevents_parallel_retry) ... ok
test_missing_key_never_starts_request_then_inline_key_allows_success (tests.test_photo_ui.PhotoUiTests.test_missing_key_never_starts_request_then_inline_key_allows_success) ... ok
test_openrouter_defaults_to_detail_without_changing_saved_settings (tests.test_photo_ui.PhotoUiTests.test_openrouter_defaults_to_detail_without_changing_saved_settings) ... ok
test_preview_is_explicit_and_strips_metadata (tests.test_photo_ui.PhotoUiTests.test_preview_is_explicit_and_strips_metadata) ... ok
test_failed_reconstruction_preserves_dirty_workspace_and_rendering (tests.test_photo_window_native.PhotoWindowNativeTests.test_failed_reconstruction_preserves_dirty_workspace_and_rendering) ... QMainWindow::saveState(): 'objectName' not set for QToolBar 0x2a7634a25f0 'Main'
ok
test_preview_upload_adopt_render_save_and_reopen (tests.test_photo_window_native.PhotoWindowNativeTests.test_preview_upload_adopt_render_save_and_reopen) ... QMainWindow::saveState(): 'objectName' not set for QToolBar 0x2a7c35d6730 'Main'
ok
test_centimeters_y_up_parent_scale_and_floor (tests.test_physics_native.PhysicsNativeTests.test_centimeters_y_up_parent_scale_and_floor) ... ok
test_unsupported_static_collider_disables_physics (tests.test_physics_native.PhysicsNativeTests.test_unsupported_static_collider_disables_physics) ... ok
test_bounds_on_object_and_unknown_region_counts (tests.test_reconstruction.ReconstructionTests.test_bounds_on_object_and_unknown_region_counts) ... ok
test_dimensions_and_unknown_geometry_are_rejected (tests.test_reconstruction.ReconstructionTests.test_dimensions_and_unknown_geometry_are_rejected) ... ok
test_mesh_requires_bounded_valid_nondegenerate_triangles (tests.test_reconstruction.ReconstructionTests.test_mesh_requires_bounded_valid_nondegenerate_triangles) ... ok
test_rejects_duplicate_keys_size_nesting_and_nonfinite (tests.test_reconstruction.ReconstructionTests.test_rejects_duplicate_keys_size_nesting_and_nonfinite) ... ok
test_rejects_unknown_fields_code_assets_and_verified_claims (tests.test_reconstruction.ReconstructionTests.test_rejects_unknown_fields_code_assets_and_verified_claims) ... ok
test_rejects_unsafe_ids_duplicate_ids_and_bad_vectors (tests.test_reconstruction.ReconstructionTests.test_rejects_unsafe_ids_duplicate_ids_and_bad_vectors) ... ok
test_valid_scene_round_trips (tests.test_reconstruction.ReconstructionTests.test_valid_scene_round_trips) ... ok
test_bad_response_does_not_change_existing_stage (tests.test_reconstruction_native.ReconstructionNativeTests.test_bad_response_does_not_change_existing_stage) ... ok
test_draft_renders_and_edits_without_claiming_physics (tests.test_reconstruction_native.ReconstructionNativeTests.test_draft_renders_and_edits_without_claiming_physics) ... ok
test_edit_save_reopen_preserves_geometry_and_unverified_provenance (tests.test_reconstruction_native.ReconstructionNativeTests.test_edit_save_reopen_preserves_geometry_and_unverified_provenance) ... ok
test_saved_pair_has_no_external_dependencies_and_valid_relationships (tests.test_robot_assets.RobotAssetTests.test_saved_pair_has_no_external_dependencies_and_valid_relationships) ... ok
test_standard_joint_frames_limits_and_mass_match_urdf (tests.test_robot_assets.RobotAssetTests.test_standard_joint_frames_limits_and_mass_match_urdf) ... ok
test_trigger_maps_full_travel_and_home_consistently (tests.test_robot_assets.RobotAssetTests.test_trigger_maps_full_travel_and_home_consistently) ... ok
test_gravity_tracking_following_base_and_authored_reset (tests.test_robot_dynamics.RobotDynamicsTests.test_gravity_tracking_following_base_and_authored_reset) ... ok
test_bundled_presets_exist_and_are_valid (tests.test_robot_poses.BundledPresetTests.test_bundled_presets_exist_and_are_valid) ... ok
test_bundled_presets_use_their_label_field (tests.test_robot_poses.BundledPresetTests.test_bundled_presets_use_their_label_field) ... ok
test_rejects_empty_or_path_breaking_names (tests.test_robot_poses.SaveLoadTests.test_rejects_empty_or_path_breaking_names) ... ok
test_rejects_out_of_range_or_missing_values (tests.test_robot_poses.SaveLoadTests.test_rejects_out_of_range_or_missing_values) ... ok
test_round_trip_preserves_values (tests.test_robot_poses.SaveLoadTests.test_round_trip_preserves_values) ... ok
test_nested_geometry_survives_publication_and_tracks_dynamics (tests.test_robot_render_native.RobotRenderNativeTests.test_nested_geometry_survives_publication_and_tracks_dynamics) ... ok
test_follow_writes_only_follower_and_focus_loss_releases (tests.test_robot_session.RobotSessionTests.test_follow_writes_only_follower_and_focus_loss_releases) ... ok
test_playback_identity_rejected_before_arm_and_valid_playback_completes (tests.test_robot_session.RobotSessionTests.test_playback_identity_rejected_before_arm_and_valid_playback_completes) ... ok
test_record_both_roundtrip_without_motor_writes (tests.test_robot_session.RobotSessionTests.test_record_both_roundtrip_without_motor_writes) ... ok
test_setup_cannot_seize_session (tests.test_robot_session.RobotSessionTests.test_setup_cannot_seize_session) ... ok
test_stale_leader_stops_follow_and_recording (tests.test_robot_session.RobotSessionTests.test_stale_leader_stops_follow_and_recording) ... ok
test_device_manager_transfers_session_only_assignments_explicitly (tests.test_robot_session_ui.SessionUiTests.test_device_manager_transfers_session_only_assignments_explicitly) ... ok
test_paused_preset_previews_apply_actual_poses_without_connecting_devices (tests.test_robot_session_ui.SessionUiTests.test_paused_preset_previews_apply_actual_poses_without_connecting_devices) ... ok
test_all_twelve_joints_are_labeled_and_present (tests.test_robot_ui.RobotPanelTests.test_all_twelve_joints_are_labeled_and_present) ... ok
test_disabled_until_positions_available (tests.test_robot_ui.RobotPanelTests.test_disabled_until_positions_available) ... ok
test_dragging_a_slider_does_not_require_the_worker_to_be_idle (tests.test_robot_ui.RobotPanelTests.test_dragging_a_slider_does_not_require_the_worker_to_be_idle) ... ok
test_follower_sliders_lock_while_following_and_unlock_when_unchecked (tests.test_robot_ui.RobotPanelTests.test_follower_sliders_lock_while_following_and_unlock_when_unchecked) ... ok
test_gripper_slider_maps_to_percent_spinbox (tests.test_robot_ui.RobotPanelTests.test_gripper_slider_maps_to_percent_spinbox) ... ok
test_live_hardware_view_locks_every_slider_for_that_role (tests.test_robot_ui.RobotPanelTests.test_live_hardware_view_locks_every_slider_for_that_role) ... ok
test_typing_a_value_drives_the_same_intent_as_the_slider (tests.test_robot_ui.RobotPanelTests.test_typing_a_value_drives_the_same_intent_as_the_slider) ... ok
test_bundled_presets_are_listed (tests.test_robot_ui.RobotPosePresetTests.test_bundled_presets_are_listed) ... ok
test_save_and_load_round_trip (tests.test_robot_ui.RobotPosePresetTests.test_save_and_load_round_trip) ... ok
test_dots_keep_both_contrast_rings_and_selected_color (tests.test_role_ui.RoleUITests.test_dots_keep_both_contrast_rings_and_selected_color) ... ok
test_labels_update_dots_without_changing_text_or_interpreting_plain_markup (tests.test_role_ui.RoleUITests.test_labels_update_dots_without_changing_text_or_interpreting_plain_markup) ... ok
test_paused_scene_settles_then_does_no_native_work (tests.test_runtime_idle.RuntimeIdleTests.test_paused_scene_settles_then_does_no_native_work) ... ok
test_render_motion_pause_camera_reset_edit_save_and_close (tests.test_runtime_native.RuntimeNativeTests.test_render_motion_pause_camera_reset_edit_save_and_close) ... ok
test_color_change_rebuilds_runtime_and_rejects_live_hardware (tests.test_runtime_settings.RuntimeSettingsTests.test_color_change_rebuilds_runtime_and_rejects_live_hardware) ... ok
test_failed_native_rebuild_restores_prior_profile_without_persisting (tests.test_runtime_settings.RuntimeSettingsTests.test_failed_native_rebuild_restores_prior_profile_without_persisting) ... ok
test_failed_restoration_is_fatal_and_does_not_claim_ready (tests.test_runtime_settings.RuntimeSettingsTests.test_failed_restoration_is_fatal_and_does_not_claim_ready) ... ok
test_invalid_profile_is_rejected_before_changes (tests.test_runtime_settings.RuntimeSettingsTests.test_invalid_profile_is_rejected_before_changes) ... ok
test_non_native_settings_do_not_rebuild_or_reset_simulation (tests.test_runtime_settings.RuntimeSettingsTests.test_non_native_settings_do_not_rebuild_or_reset_simulation) ... ok
test_persistence_failure_rolls_native_profile_back (tests.test_runtime_settings.RuntimeSettingsTests.test_persistence_failure_rolls_native_profile_back) ... ok
test_persistence_follows_successful_native_application (tests.test_runtime_settings.RuntimeSettingsTests.test_persistence_follows_successful_native_application) ... ok
test_does_not_assume_contiguous_indices (tests.test_scene_mapping.BodyMappingTests.test_does_not_assume_contiguous_indices) ... ok
test_preserves_insertion_independent_of_index_order (tests.test_scene_mapping.BodyMappingTests.test_preserves_insertion_independent_of_index_order) ... ok
test_default_profile_shows_nvidia_preset_selected (tests.test_settings_ui.ProviderPresetTests.test_default_profile_shows_nvidia_preset_selected) ... ok
test_editing_endpoint_away_from_a_preset_switches_to_custom (tests.test_settings_ui.ProviderPresetTests.test_editing_endpoint_away_from_a_preset_switches_to_custom) ... ok
test_restore_defaults_resyncs_provider_combo_to_nvidia (tests.test_settings_ui.ProviderPresetTests.test_restore_defaults_resyncs_provider_combo_to_nvidia) ... ok
test_selecting_a_preset_fills_endpoint_and_model_and_clears_key (tests.test_settings_ui.ProviderPresetTests.test_selecting_a_preset_fills_endpoint_and_model_and_clears_key) ... ok
test_defaults_stay_staged_and_cancel_preserves_profile (tests.test_settings_ui.SettingsUiTests.test_defaults_stay_staged_and_cancel_preserves_profile) ... ok
test_display_units_change_conversion_not_scene_scale (tests.test_settings_ui.SettingsUiTests.test_display_units_change_conversion_not_scene_scale) ... ok
test_failed_settings_apply_preserves_ui_profile_and_dirty_state (tests.test_settings_ui.SettingsUiTests.test_failed_settings_apply_preserves_ui_profile_and_dirty_state) ... ok
test_fresh_intelligence_panel_keeps_key_blank_without_file_reads (tests.test_settings_ui.SettingsUiTests.test_fresh_intelligence_panel_keeps_key_blank_without_file_reads) ... ok
test_invalid_save_keeps_dialog_and_prior_profile (tests.test_settings_ui.SettingsUiTests.test_invalid_save_keeps_dialog_and_prior_profile) ... ok
test_malformed_endpoint_reports_field_error_without_throwing (tests.test_settings_ui.SettingsUiTests.test_malformed_endpoint_reports_field_error_without_throwing) ... ok
test_open_existing_scene_clears_untitled_only_after_success (tests.test_settings_ui.SettingsUiTests.test_open_existing_scene_clears_untitled_only_after_success) ... ok
test_test_connection_responsive_and_endpoint_change_invalidates (tests.test_settings_ui.SettingsUiTests.test_test_connection_responsive_and_endpoint_change_invalidates) ... ok
test_ui_profile_commits_only_after_successful_worker_result (tests.test_settings_ui.SettingsUiTests.test_ui_profile_commits_only_after_successful_worker_result) ... ok
test_unsaved_cancel_discard_and_failed_save (tests.test_settings_ui.SettingsUiTests.test_unsaved_cancel_discard_and_failed_save) ... ok
test_untitled_save_cancel_does_not_clear_dirty (tests.test_settings_ui.SettingsUiTests.test_untitled_save_cancel_does_not_clear_dirty) ... ok
test_untitled_save_rejects_temporary_descendants (tests.test_settings_ui.SettingsUiTests.test_untitled_save_rejects_temporary_descendants) ... ok
test_extended_wrist_binding_stays_in_command_coordinates (tests.test_setup.RangeTests.test_extended_wrist_binding_stays_in_command_coordinates) ... ok
test_preview_direction_and_limits_are_explicit (tests.test_setup.RangeTests.test_preview_direction_and_limits_are_explicit) ... ok
test_requires_every_joint_and_real_travel (tests.test_setup.RangeTests.test_requires_every_joint_and_real_travel) ... ok
test_arm_seeds_all_goals_before_torque_and_stops_all_motors (tests.test_setup.SetupSessionTests.test_arm_seeds_all_goals_before_torque_and_stops_all_motors) ... ok
test_bad_calibration_and_preexisting_torque_block_arming (tests.test_setup.SetupSessionTests.test_bad_calibration_and_preexisting_torque_block_arming) ... ok
test_bus_loss_is_unconfirmed_stop_not_success (tests.test_setup.SetupSessionTests.test_bus_loss_is_unconfirmed_stop_not_success) ... ok
test_calibration_commit_keeps_torque_off_and_matches_import (tests.test_setup.SetupSessionTests.test_calibration_commit_keeps_torque_off_and_matches_import) ... ok
test_calibration_restores_servo_lock (tests.test_setup.SetupSessionTests.test_calibration_restores_servo_lock) ... ok
test_changed_motor_calibration_is_checked_again_before_arm (tests.test_setup.SetupSessionTests.test_changed_motor_calibration_is_checked_again_before_arm) ... ok
test_changed_usb_identity_never_receives_restore_writes (tests.test_setup.SetupSessionTests.test_changed_usb_identity_never_receives_restore_writes) ... ok
test_extended_unoffset_reference_restores_and_maps_both_roles (tests.test_setup.SetupSessionTests.test_extended_unoffset_reference_restores_and_maps_both_roles) ... ok
test_failed_restore_stays_visible_after_shutdown (tests.test_setup.SetupSessionTests.test_failed_restore_stays_visible_after_shutdown) ... ok
test_heartbeat_timeout_disarms_without_renderer (tests.test_setup.SetupSessionTests.test_heartbeat_timeout_disarms_without_renderer) ... ok
test_held_motion_rate_limit_release_hold_and_cancelled_commands (tests.test_setup.SetupSessionTests.test_held_motion_rate_limit_release_hold_and_cancelled_commands) ... ok
test_homing_then_cancel_restores_original_registers (tests.test_setup.SetupSessionTests.test_homing_then_cancel_restores_original_registers) ... ok
test_missing_backup_directory_is_created_before_writes (tests.test_setup.SetupSessionTests.test_missing_backup_directory_is_created_before_writes) ... ok
test_motor_error_during_arm_cleans_up_partial_enables (tests.test_setup.SetupSessionTests.test_motor_error_during_arm_cleans_up_partial_enables) ... ok
test_partial_write_error_restores_backup_and_faults (tests.test_setup.SetupSessionTests.test_partial_write_error_restores_backup_and_faults) ... ok
test_readonly_connection_and_close_never_write (tests.test_setup.SetupSessionTests.test_readonly_connection_and_close_never_write) ... ok
test_shutdown_restores_active_calibration (tests.test_setup.SetupSessionTests.test_shutdown_restores_active_calibration) ... ok
test_signed_wrist_capture_remains_live_but_normal_reads_stay_strict (tests.test_setup.SetupSessionTests.test_signed_wrist_capture_remains_live_but_normal_reads_stay_strict) ... ok
test_successful_restore_does_not_hide_failed_torque_stop (tests.test_setup.SetupSessionTests.test_successful_restore_does_not_hide_failed_torque_stop) ... ok
test_torque_on_prevents_all_calibration_writes (tests.test_setup.SetupSessionTests.test_torque_on_prevents_all_calibration_writes) ... ok
test_all_joints_have_meaningful_travel_thresholds (tests.test_setup_sweep.JointSweepTests.test_all_joints_have_meaningful_travel_thresholds) ... ok
test_duplicate_samples_cannot_supply_dwell (tests.test_setup_sweep.JointSweepTests.test_duplicate_samples_cannot_supply_dwell) ... ok
test_full_sweep_completes_despite_other_joints_moving (tests.test_setup_sweep.JointSweepTests.test_full_sweep_completes_despite_other_joints_moving) ... ok
test_jitter_and_other_joint_motion_never_capture_an_endpoint (tests.test_setup_sweep.JointSweepTests.test_jitter_and_other_joint_motion_never_capture_an_endpoint) ... ok
test_return_beyond_early_pause_completes_in_both_directions (tests.test_setup_sweep.JointSweepTests.test_return_beyond_early_pause_completes_in_both_directions) ... ok
test_single_encoder_spike_does_not_set_an_endpoint (tests.test_setup_sweep.JointSweepTests.test_single_encoder_spike_does_not_set_an_endpoint) ... ok
test_small_sweep_and_one_way_motion_are_insufficient (tests.test_setup_sweep.JointSweepTests.test_small_sweep_and_one_way_motion_are_insufficient) ... ok
test_stale_gaps_do_not_count_as_a_hold (tests.test_setup_sweep.JointSweepTests.test_stale_gaps_do_not_count_as_a_hold) ... ok
test_back_navigation_restores_reference_and_returns_to_selection (tests.test_setup_ui.SetupUITests.test_back_navigation_restores_reference_and_returns_to_selection) ... ok
test_busy_renderer_queues_one_preview_and_uses_latest_sample (tests.test_setup_ui.SetupUITests.test_busy_renderer_queues_one_preview_and_uses_latest_sample) ... ok
test_cancel_restores_and_closes_without_enabling_motors (tests.test_setup_ui.SetupUITests.test_cancel_restores_and_closes_without_enabling_motors) ... ok
test_cancelled_preview_cannot_publish_after_live_view_disabled (tests.test_setup_ui.SetupUITests.test_cancelled_preview_cannot_publish_after_live_view_disabled) ... ok
test_completed_sweep_waits_for_visible_current_rtx_preview (tests.test_setup_ui.SetupUITests.test_completed_sweep_waits_for_visible_current_rtx_preview) ... ok
test_custom_color_updates_identity_and_cannot_change_connected_arm (tests.test_setup_ui.SetupUITests.test_custom_color_updates_identity_and_cannot_change_connected_arm) ... ok
test_device_entry_selects_exact_role_and_attachment_and_rejects_missing (tests.test_setup_ui.SetupUITests.test_device_entry_selects_exact_role_and_attachment_and_rejects_missing) ... ok
test_finish_transfers_live_window_and_shutdown_disposes_it (tests.test_setup_ui.SetupUITests.test_finish_transfers_live_window_and_shutdown_disposes_it) ... ok
test_full_calibration_exports_and_mirrors_each_joint_without_torque (tests.test_setup_ui.SetupUITests.test_full_calibration_exports_and_mirrors_each_joint_without_torque) ... ok
test_joint_cannot_be_skipped_before_sweep_completion (tests.test_setup_ui.SetupUITests.test_joint_cannot_be_skipped_before_sweep_completion) ... ok
test_named_joint_slider_sets_intent_even_while_worker_busy (tests.test_setup_ui.SetupUITests.test_named_joint_slider_sets_intent_even_while_worker_busy) ... ok
test_open_hardware_and_setup_share_one_owner_and_cancel_returns_control (tests.test_setup_ui.SetupUITests.test_open_hardware_and_setup_share_one_owner_and_cancel_returns_control) ... ok
test_other_joint_motion_is_tolerated_and_does_not_advance (tests.test_setup_ui.SetupUITests.test_other_joint_motion_is_tolerated_and_does_not_advance) ... ok
test_pending_save_blocks_back_and_duplicate_submission (tests.test_setup_ui.SetupUITests.test_pending_save_blocks_back_and_duplicate_submission) ... ok
test_preview_window_receives_each_native_frame_and_reopens (tests.test_setup_ui.SetupUITests.test_preview_window_receives_each_native_frame_and_reopens) ... ok
test_reference_guide_tracks_selected_role_before_connection (tests.test_setup_ui.SetupUITests.test_reference_guide_tracks_selected_role_before_connection) ... ok
test_reference_map_stays_visible_and_preview_returns_to_setup (tests.test_setup_ui.SetupUITests.test_reference_map_stays_visible_and_preview_returns_to_setup) ... ok
test_role_identity_remains_visible_through_joint_steps (tests.test_setup_ui.SetupUITests.test_role_identity_remains_visible_through_joint_steps) ... ok
test_saved_role_selects_its_own_usb_port (tests.test_setup_ui.SetupUITests.test_saved_role_selects_its_own_usb_port) ... ok
test_stale_queued_sample_is_not_rendered (tests.test_setup_ui.SetupUITests.test_stale_queued_sample_is_not_rendered) ... ok
test_support_action_waits_for_verified_release_then_reference_action_captures (tests.test_setup_ui.SetupUITests.test_support_action_waits_for_verified_release_then_reference_action_captures) ... ok
test_bounded_catch_up_caps_steps_per_tick (tests.test_simulation.SimulationClockTests.test_bounded_catch_up_caps_steps_per_tick) ... ok
test_pause_leaves_sim_time_unchanged_between_calls (tests.test_simulation.SimulationClockTests.test_pause_leaves_sim_time_unchanged_between_calls) ... ok
test_paused_clock_does_not_advance (tests.test_simulation.SimulationClockTests.test_paused_clock_does_not_advance) ... ok
test_play_advances_fixed_steps_independent_of_frame_rate (tests.test_simulation.SimulationClockTests.test_play_advances_fixed_steps_independent_of_frame_rate) ... ok
test_reset_zeroes_time_and_accumulator (tests.test_simulation.SimulationClockTests.test_reset_zeroes_time_and_accumulator) ... ok
test_complete_degree_pose_and_gripper_percent_remain_distinct (tests.test_telemetry.TelemetryTests.test_complete_degree_pose_and_gripper_percent_remain_distinct) ... ok
test_disconnected_awaiting_live_frozen_stale_reconnect (tests.test_telemetry.TelemetryTests.test_disconnected_awaiting_live_frozen_stale_reconnect) ... ok
test_invalid_or_wrong_identity_never_replaces_last_sample (tests.test_telemetry.TelemetryTests.test_invalid_or_wrong_identity_never_replaces_last_sample) ... ok
test_mock_invalid_input_is_atomic (tests.test_telemetry.TelemetryTests.test_mock_invalid_input_is_atomic) ... ok
test_nonmonotonic_sequence_or_timestamp_is_rejected (tests.test_telemetry.TelemetryTests.test_nonmonotonic_sequence_or_timestamp_is_rejected) ... ok
test_auth_failure (tests.test_transport.TransportTests.test_auth_failure) ... ok
test_cancelled_after_response_is_reported (tests.test_transport.TransportTests.test_cancelled_after_response_is_reported) ... ok
test_generic_transport_error_is_service_failure (tests.test_transport.TransportTests.test_generic_transport_error_is_service_failure) ... ok
test_incomplete_response (tests.test_transport.TransportTests.test_incomplete_response) ... ok
test_missing_key_never_calls_transport (tests.test_transport.TransportTests.test_missing_key_never_calls_transport) ... ok
test_never_leaks_api_key_in_result (tests.test_transport.TransportTests.test_never_leaks_api_key_in_result) ... ok
test_oversized_response_is_service_failure (tests.test_transport.TransportTests.test_oversized_response_is_service_failure) ... ok
test_rate_limited_exception_is_reported (tests.test_transport.TransportTests.test_rate_limited_exception_is_reported) ... ok
test_rate_limited_status_code (tests.test_transport.TransportTests.test_rate_limited_status_code) ... ok
test_service_failure_on_bad_json (tests.test_transport.TransportTests.test_service_failure_on_bad_json) ... ok
test_successful_text_access (tests.test_transport.TransportTests.test_successful_text_access) ... ok
test_timeout_is_reported (tests.test_transport.TransportTests.test_timeout_is_reported) ... ok
test_unknown_model (tests.test_transport.TransportTests.test_unknown_model) ... ok
test_filtering_selected_prim_clears_unsafe_hidden_selection (tests.test_ui.MainWindowTests.test_filtering_selected_prim_clears_unsafe_hidden_selection) ... ok
test_hierarchy_rebuild_preserves_selection_by_full_path (tests.test_ui.MainWindowTests.test_hierarchy_rebuild_preserves_selection_by_full_path) ... ok
test_inspector_disabled_until_selection (tests.test_ui.MainWindowTests.test_inspector_disabled_until_selection) ... ok
test_loading_indicator_shows_message_and_hides_on_status_or_error (tests.test_ui.MainWindowTests.test_loading_indicator_shows_message_and_hides_on_status_or_error) ... ok
test_main_window_has_required_title_and_controls (tests.test_ui.MainWindowTests.test_main_window_has_required_title_and_controls) ... ok
test_nested_hierarchy_search_preserves_ancestors_and_expansion (tests.test_ui.MainWindowTests.test_nested_hierarchy_search_preserves_ancestors_and_expansion) ... ok
test_play_without_native_scene_does_not_claim_simulation (tests.test_ui.MainWindowTests.test_play_without_native_scene_does_not_claim_simulation) ... ok
test_reset_button_zeroes_sim_time_label (tests.test_ui.MainWindowTests.test_reset_button_zeroes_sim_time_label) ... ok
test_search_field_hides_non_matching_hierarchy_items (tests.test_ui.MainWindowTests.test_search_field_hides_non_matching_hierarchy_items) ... ok
test_selection_panels_do_not_cancel_a_released_joint_drag (tests.test_ui.MainWindowTests.test_selection_panels_do_not_cancel_a_released_joint_drag) ... QMainWindow::saveState(): 'objectName' not set for QToolBar 0x2a71ddfe370 'Main'
QMainWindow::saveState(): 'objectName' not set for QToolBar 0x2a71d538270 'Main'
QMainWindow::saveState(): 'objectName' not set for QToolBar 0x2a72dd3c730 'Main'
QMainWindow::saveState(): 'objectName' not set for QToolBar 0x2a714275310 'Main'
ok
test_transform_fields_fit_large_values_at_small_window_size (tests.test_ui.MainWindowTests.test_transform_fields_fit_large_values_at_small_window_size) ... ok
test_unsupported_inspector_does_not_cancel_a_released_joint_drag (tests.test_ui.MainWindowTests.test_unsupported_inspector_does_not_cancel_a_released_joint_drag) ... QMainWindow::saveState(): 'objectName' not set for QToolBar 0x2a7a0bf4ae0 'Main'
ok
test_visible_controls_deliver_native_frames_and_save (tests.test_window_native.WindowNativeTests.test_visible_controls_deliver_native_frames_and_save) ... [Warning] [carb] Source: carb_profiler_nvtx_plugin was already registered.
2026-10-10T06:08:55Z [39,158ms] [Warning] [omni.rtx] PCIe link generation current (1) and maximum (4) for device 0 don't match.
2026-10-10T06:09:14Z [57,742ms] [Warning] [omni.rtx] PCIe link generation current (1) and maximum (4) for device 0 don't match.
2026-10-10T06:09:34Z [78,521ms] [Warning] [omni.rtx] PCIe link generation current (1) and maximum (4) for device 0 don't match.
2026-10-10T06:09:42Z [85,749ms] [Warning] [omni.rtx] DLSS increasing input dimensions: Render resolution of (186, 104) is below minimal input resolution of 300.
2026-10-10T06:09:54Z [98,408ms] [Warning] [omni.rtx] PCIe link generation current (1) and maximum (4) for device 0 don't match.
2026-10-10T06:10:14Z [117,653ms] [Warning] [omni.rtx] PCIe link generation current (1) and maximum (4) for device 0 don't match.
2026-10-10T06:10:30Z [133,713ms] [Warning] [omni.rtx] PCIe link generation current (1) and maximum (4) for device 0 don't match.
2026-10-10T06:10:46Z [149,773ms] [Warning] [omni.rtx] PCIe link generation current (1) and maximum (4) for device 0 don't match.
2026-10-10T06:10:57Z [161,457ms] [Warning] [omni.rtx] PCIe link generation current (1) and maximum (4) for device 0 don't match.
2026-10-10T06:11:14Z [178,580ms] [Warning] [omni.rtx] PCIe link generation current (1) and maximum (4) for device 0 don't match.
2026-10-10T06:11:47Z [211,348ms] [Warning] [omni.rtx] PCIe link generation current (1) and maximum (4) for device 0 don't match.
2026-10-10T06:13:16Z [300,050ms] [Warning] [omni.rtx] PCIe link generation current (1) and maximum (4) for device 0 don't match.
2026-10-10T06:13:19Z [303,456ms] [Warning] [carb] Client gpu.foundation.plugin has acquired [carb::blockcompression::BlockCompression v0.2] 100 times. Consider accessing this interface with carb::getCachedInterface() (Performance warning)
2026-10-10T06:13:34Z [317,759ms] [Warning] [omni.rtx] PCIe link generation current (1) and maximum (4) for device 0 don't match.
2026-10-10T06:13:34Z [317,986ms] [Warning] [carb] Client rtx.scenedb.plugin has acquired [carb::settings::ISettings v2.1] 100 times. Consider accessing this interface with carb::getCachedInterface() (Performance warning)
2026-10-10T06:13:43Z [327,056ms] [Warning] [omni.rtx] PCIe link generation current (1) and maximum (4) for device 0 don't match.
2026-10-10T06:13:54Z [337,638ms] [Warning] [omni.rtx] PCIe link generation current (1) and maximum (4) for device 0 don't match.
2026-10-10T06:14:08Z [352,417ms] [Warning] [omni.rtx] PCIe link generation current (1) and maximum (4) for device 0 don't match.
2026-10-10T06:14:18Z [361,871ms] [Warning] [omni.rtx] PCIe link generation current (1) and maximum (4) for device 0 don't match.
2026-10-10T06:14:18Z [361,871ms] [Warning] [carb] Client gpu.foundation.plugin has acquired [carb::settings::ISettings v2.1] 100 times. Consider accessing this interface with carb::getCachedInterface() (Performance warning)
2026-10-10T06:14:18Z [361,873ms] [Warning] [carb] Client gpu.foundation.plugin has acquired [carb::dictionary::IDictionary v2.2] 100 times. Consider accessing this interface with carb::getCachedInterface() (Performance warning)
2026-10-10T06:14:35Z [378,678ms] [Warning] [omni.rtx] PCIe link generation current (1) and maximum (4) for device 0 don't match.
2026-10-10T06:14:35Z [378,740ms] [Warning] [carb] Client gpu.foundation.plugin has acquired [carb::cudainterop::CudaInterop v0.22] 100 times. Consider accessing this interface with carb::getCachedInterface() (Performance warning)
2026-10-10T06:18:59Z [642,615ms] [Warning] [omni.rtx] PCIe link generation current (1) and maximum (4) for device 0 don't match.
2026-10-10T06:19:15Z [658,863ms] [Warning] [omni.rtx] PCIe link generation current (1) and maximum (4) for device 0 don't match.
2026-10-10T06:19:15Z [658,949ms] [Warning] [carb] Client gpu.foundation.plugin has acquired [carb::stats::IStats v2.2] 100 times. Consider accessing this interface with carb::getCachedInterface() (Performance warning)
2026-10-10T06:19:15Z [659,175ms] [Warning] [carb] CliQMainWindow::saveState(): 'objectName' not set for QToolBar 0x2a75c2b9810 'Main'
ok
test_failed_usd_bootstrap_does_not_construct_renderer (tests.test_worker.WorkerTests.test_failed_usd_bootstrap_does_not_construct_renderer) ... ok
test_recoverable_command_failure_keeps_worker_alive (tests.test_worker.WorkerTests.test_recoverable_command_failure_keeps_worker_alive) ... ok
test_scene_worker_does_not_create_an_unused_renderer_at_thread_start (tests.test_worker.WorkerTests.test_scene_worker_does_not_create_an_unused_renderer_at_thread_start) ... ok
test_shutdown_rejects_unbounded_or_nonpositive_deadline (tests.test_worker.WorkerTests.test_shutdown_rejects_unbounded_or_nonpositive_deadline) ... ok
test_stalled_cleanup_times_out_and_can_be_joined_after_release (tests.test_worker.WorkerTests.test_stalled_cleanup_times_out_and_can_be_joined_after_release) ... ok
test_usd_stage_bootstrap_precedes_renderer_and_attachment (tests.test_worker.WorkerTests.test_usd_stage_bootstrap_precedes_renderer_and_attachment) ... ok

----------------------------------------------------------------------
Ran 328 tests in 796.886s

OK (skipped=1)
Warp 1.18.0 initialized:
   CUDA Toolkit 13.4, Driver 13.2
   Devices:
     "cpu"      : "Intel64 Family 6 Model 134 Stepping 0, GenuineIntel"
     "cuda:0"   : "NVIDIA L40" (48 GiB, sm_89, mempool enabled)
   Kernel cache:
     \\?\<worker-home>\AppData\Local\NVIDIA\warp\Cache\1.18.0
Module validate_and_correct_inertia_kernel_1ff2ac62 1ff2ac6 load on device 'cuda:0' took 2.47 ms  (cached)
Module newton._src.geometry.bvh 58a3a49 load on device 'cuda:0' took 2.73 ms  (cached)
Module newton._src.solvers.solver d7b7ff4 load on device 'cuda:0' took 3.65 ms  (cached)
Module newton._src.sim.articulation cc479e3 load on device 'cuda:0' took 7.07 ms  (cached)
Module newton._src.sim.collide f369c1a load on device 'cuda:0' took 3.70 ms  (cached)
Module newton._src.geometry.broad_phase_nxn 0c4afcd load on device 'cuda:0' took 3.45 ms  (cached)
Module narrow_phase_primitive_write_contact_False_False_False 6b2fd5c load on device 'cuda:0' took 4.55 ms  (cached)
Module newton._src.geometry.narrow_phase 3519ebf load on device 'cuda:0' took 47.98 ms  (cached)
Module newton._src.solvers.xpbd.kernels 3a6178a load on device 'cuda:0' took 6.33 ms  (cached)
Module narrow_phase_gjk_mpr_True_False_write_contact_support_map_lean_accelerated_post_process_minkowski_only 0db84bb load on device 'cuda:0' took 6.74 ms  (cached)
ent rtx.scenedb.plugin has acquired [carb::dictionary::IDictionary v2.2] 100 times. Consider accessing this interface with carb::getCachedInterface() (Performance warning)
2026-10-10T06:19:19Z [663,338ms] [Warning] [carb] Client carb.scenerenderer-rtx.plugin has acquired [carb::settings::ISettings v2.1] 100 times. Consider accessing this interface with carb::getCachedInterface() (Performance warning)
