Looking in links: <worker-home>\AppData\Local\Temp\tmpinrjf2fh
Requirement already satisfied: setuptools in <worker-home>\lr-wincheck-1009\.venv\lib\site-packages (84.0.0)
Requirement already satisfied: pip in <worker-home>\lr-wincheck-1009\.venv\lib\site-packages (26.2.1)
Looking in indexes: https://pypi.org/simple, https://pypi.nvidia.com
Looking in links: <worker-home>\lr-wincheck-1009\desktop\wheels
Ignoring numpy: markers 'python_full_version >= "3.12"' don't match your environment
Processing .\desktop\wheels\lertx_robot_assets-1.0.0-py3-none-any.whl (from -r <worker-home>\lr-wincheck-1009\desktop\locks\windows-x86_64.txt (line 2))
Collecting newton==1.6.1 (from -r <worker-home>\lr-wincheck-1009\desktop\locks\windows-x86_64.txt (line 4))
  Downloading newton-1.6.1-py3-none-any.whl (6.2 MB)
     ---------------------------------------- 6.2/6.2 MB 25.4 MB/s  0:00:00
Collecting numpy==2.4.6 (from -r <worker-home>\lr-wincheck-1009\desktop\locks\windows-x86_64.txt (line 6))
  Downloading numpy-2.4.6-cp311-cp311-win_amd64.whl (12.6 MB)
     ---------------------------------------- 12.6/12.6 MB 71.8 MB/s  0:00:00
Collecting ovrtx==0.5.1.385782 (from -r <worker-home>\lr-wincheck-1009\desktop\locks\windows-x86_64.txt (line 146))
  Downloading ovrtx-0.5.1.385782-py3-none-win_amd64.whl (1244.6 MB)
     ---------------------------------------- 1.2/1.2 GB 138.5 MB/s  0:00:09
Collecting ovstage==0.2.1.385922 (from -r <worker-home>\lr-wincheck-1009\desktop\locks\windows-x86_64.txt (line 150))
  Downloading ovstage-0.2.1.385922-py3-none-win_amd64.whl (46.5 MB)
     ---------------------------------------- 46.5/46.5 MB 123.2 MB/s  0:00:00
Collecting pyserial==3.5 (from -r <worker-home>\lr-wincheck-1009\desktop\locks\windows-x86_64.txt (line 154))
  Downloading pyserial-3.5-py2.py3-none-any.whl (90 kB)
Collecting pyside6==6.12.0 (from -r <worker-home>\lr-wincheck-1009\desktop\locks\windows-x86_64.txt (line 157))
  Downloading pyside6-6.12.0-cp310-abi3-win_amd64.whl (578 kB)
     ---------------------------------------- 579.0/579.0 kB ?  0:00:00
Collecting pyside6-addons==6.12.0 (from -r <worker-home>\lr-wincheck-1009\desktop\locks\windows-x86_64.txt (line 163))
  Downloading pyside6_addons-6.12.0-cp310-abi3-win_amd64.whl (40.5 MB)
     ---------------------------------------- 40.5/40.5 MB 71.6 MB/s  0:00:00
Collecting pyside6-essentials==6.12.0 (from -r <worker-home>\lr-wincheck-1009\desktop\locks\windows-x86_64.txt (line 169))
  Downloading pyside6_essentials-6.12.0-cp310-abi3-win_amd64.whl (82.2 MB)
     ---------------------------------------- 82.2/82.2 MB 58.9 MB/s  0:00:01
Collecting pyside6-pdf==6.12.0.140 (from -r <worker-home>\lr-wincheck-1009\desktop\locks\windows-x86_64.txt (line 175))
  Downloading pyside6_pdf-6.12.0.140-cp310-abi3-win_amd64.whl (3.0 MB)
     ---------------------------------------- 3.0/3.0 MB 59.2 MB/s  0:00:00
Collecting pyside6-webengine==6.12.0.140 (from -r <worker-home>\lr-wincheck-1009\desktop\locks\windows-x86_64.txt (line 181))
  Downloading pyside6_webengine-6.12.0.140-cp310-abi3-win_amd64.whl (131.7 MB)
     ---------------------------------------- 131.7/131.7 MB 27.2 MB/s  0:00:04
Collecting shiboken6==6.12.0 (from -r <worker-home>\lr-wincheck-1009\desktop\locks\windows-x86_64.txt (line 187))
  Downloading shiboken6-6.12.0-cp310-abi3-win_amd64.whl (1.3 MB)
     ---------------------------------------- 1.3/1.3 MB 31.4 MB/s  0:00:00
Collecting usd-core==26.8 (from -r <worker-home>\lr-wincheck-1009\desktop\locks\windows-x86_64.txt (line 193))
  Downloading usd_core-26.8-cp311-none-win_amd64.whl (13.8 MB)
     ---------------------------------------- 13.8/13.8 MB 31.0 MB/s  0:00:00
Collecting warp-lang==1.18.0 (from -r <worker-home>\lr-wincheck-1009\desktop\locks\windows-x86_64.txt (line 212))
  Downloading warp_lang-1.18.0-py3-none-win_amd64.whl (134.6 MB)
     --------------------------------------- 134.6/134.6 MB 132.2 MB/s  0:00:01
Installing collected packages: pyserial, usd-core, shiboken6, ovstage, ovrtx, numpy, lertx-robot-assets, warp-lang, pyside6-essentials, pyside6-pdf, pyside6-addons, newton, pyside6-webengine, pyside6

Successfully installed lertx-robot-assets-1.0.0 newton-1.6.1 numpy-2.4.6 ovrtx-0.5.1.385782 ovstage-0.2.1.385922 pyserial-3.5 pyside6-6.12.0 pyside6-addons-6.12.0 pyside6-essentials-6.12.0 pyside6-pdf-6.12.0.140 pyside6-webengine-6.12.0.140 shiboken6-6.12.0 usd-core-26.8 warp-lang-1.18.0
No broken requirements found.
{
  "ready_for_launch": true,
  "scope": "installation-preflight-not-rendering",
  "platform": "Windows",
  "architecture": "AMD64",
  "python": "3.11.16",
  "packages": {
    "ovrtx": "0.5.1.385782",
    "ovstage": "0.2.1.385922",
    "newton": "1.6.1",
    "warp-lang": "1.18.0",
    "numpy": "2.4.6",
    "PySide6": "6.12.0",
    "PySide6-Addons": "6.12.0",
    "PySide6-Essentials": "6.12.0",
    "shiboken6": "6.12.0",
    "pyserial": "3.5",
    "PySide6-Pdf": "6.12.0.140",
    "PySide6-WebEngine": "6.12.0.140",
    "lertx-robot-assets": "1.0.0",
    "usd-core": "26.8"
  },
  "gpu": "NVIDIA L40, 595.97",
  "problems": []
}
Preparing the NVIDIA renderer; first-install shader compilation may take several minutes.
I: Initializing Version 2.75.1-release.7540+gl.d3c5c5b8
I: Client ID: 3912H1CK
I: ThreadId(02) hub_client::client::Client::new Launching client mode=Shared with_cleaner=false cache_path=None cache_size=None
I: ThreadId(03) launch self=Launcher { discovery_lock: RwLock { lock: RwLock { inner: File { handle: 0xde4, path: "\\\\?\\<worker-home>\\AppData\\Local\\Temp\\hub-worker.lock" } } }, mode: Shared, with_cleaner: false, config_file: "<worker-home>\\AppData\\Local\\Temp\\hub-worker-A30734D5.config.json" } cmd="hub.exe" "--mode=shared" "--write-config" "<worker-home>\\AppData\\Local\\Temp\\hub-worker-A30734D5.config.json" "--"
I: Not using Hub: Hub not found
LeRTX: Command '['<worker-home>\\lr-wincheck-1009\\.venv\\Scripts\\python.exe', '-B', '-m', 'lertx.warmup']' timed out after 300 seconds
