test_authoring_files_keep_canonical_lf_newlines (__main__.StartupTests.test_authoring_files_keep_canonical_lf_newlines) ... ok
test_changed_inputs_require_setup (__main__.StartupTests.test_changed_inputs_require_setup) ... ok
test_current_receipt_needs_existing_interpreter (__main__.StartupTests.test_current_receipt_needs_existing_interpreter) ... ok
test_current_run_skips_setup (__main__.StartupTests.test_current_run_skips_setup) ... ok
test_failed_refresh_invalidates_previous_success (__main__.StartupTests.test_failed_refresh_invalidates_previous_success) ... ok
test_first_install_can_finish_after_five_minutes (__main__.StartupTests.test_first_install_can_finish_after_five_minutes) ... ok
test_first_run_builds_before_launch_and_forwards_scene (__main__.StartupTests.test_first_run_builds_before_launch_and_forwards_scene) ... Preparing LeRTX for this checkout...
ok
test_make_run_routes_launch_and_propagates_failure (__main__.StartupTests.test_make_run_routes_launch_and_propagates_failure) ... ok
test_missing_or_corrupt_receipt_requires_setup (__main__.StartupTests.test_missing_or_corrupt_receipt_requires_setup) ... ok
test_powershell_wrapper_forwards_paths_and_exit_code (__main__.StartupTests.test_powershell_wrapper_forwards_paths_and_exit_code) ... ok
test_receipt_only_written_after_warmup (__main__.StartupTests.test_receipt_only_written_after_warmup) ... ok
test_robot_models_retain_their_pinned_upstream_bytes (__main__.StartupTests.test_robot_models_retain_their_pinned_upstream_bytes) ... ok
test_setup_failure_prevents_launch (__main__.StartupTests.test_setup_failure_prevents_launch) ... Preparing LeRTX for this checkout...
ok
test_vendor_sdk_retains_checksum_pinned_bytes (__main__.StartupTests.test_vendor_sdk_retains_checksum_pinned_bytes) ... ok
test_warmup_timeout_kills_windows_children_and_fails_setup (__main__.StartupTests.test_warmup_timeout_kills_windows_children_and_fails_setup) ... ok

----------------------------------------------------------------------
Ran 15 tests in 6.616s

OK
